// Jest Snapshot v1, https://goo.gl/fbAQLP

exports[`PasteBoard It displays the correct number of text snippets 1`] = `
Object {
  "asFragment": [Function],
  "baseElement": <body>
    <div>
      <div
        class="pasteboard-container"
      >
        <div>
          <div
            class="unused-snippets"
            data-rbd-droppable-context-id="0"
            data-rbd-droppable-id="chunk-container-1"
            data-testid="pasteboard"
          >
            <div
              aria-describedby="rbd-hidden-text-0-hidden-text-0"
              class="text-snippet"
              data-rbd-drag-handle-context-id="0"
              data-rbd-drag-handle-draggable-id="snippet1"
              data-rbd-draggable-context-id="0"
              data-rbd-draggable-id="snippet1"
              draggable="false"
              role="button"
              tabindex="0"
            >
              one and
            </div>
            <div
              aria-describedby="rbd-hidden-text-0-hidden-text-0"
              class="text-snippet"
              data-rbd-drag-handle-context-id="0"
              data-rbd-drag-handle-draggable-id="snippet2"
              data-rbd-draggable-context-id="0"
              data-rbd-draggable-id="snippet2"
              draggable="false"
              role="button"
              tabindex="0"
            >
              two and
            </div>
          </div>
        </div>
      </div>
    </div>
    <div
      aria-atomic="true"
      aria-live="assertive"
      id="rbd-announcement-0"
      style="position: absolute; width: 1px; height: 1px; margin: -1px; border: 0px; padding: 0px; overflow: hidden; clip-path: inset(100%);"
    />
    <div
      id="rbd-hidden-text-0-hidden-text-0"
      style="display: none;"
    >
      
  Press space bar to start a drag.
  When dragging you can use the arrow keys to move the item around and escape to cancel.
  Some screen readers may require you to be in focus mode or to use your pass through key

    </div>
  </body>,
  "container": <div>
    <div
      class="pasteboard-container"
    >
      <div>
        <div
          class="unused-snippets"
          data-rbd-droppable-context-id="0"
          data-rbd-droppable-id="chunk-container-1"
          data-testid="pasteboard"
        >
          <div
            aria-describedby="rbd-hidden-text-0-hidden-text-0"
            class="text-snippet"
            data-rbd-drag-handle-context-id="0"
            data-rbd-drag-handle-draggable-id="snippet1"
            data-rbd-draggable-context-id="0"
            data-rbd-draggable-id="snippet1"
            draggable="false"
            role="button"
            tabindex="0"
          >
            one and
          </div>
          <div
            aria-describedby="rbd-hidden-text-0-hidden-text-0"
            class="text-snippet"
            data-rbd-drag-handle-context-id="0"
            data-rbd-drag-handle-draggable-id="snippet2"
            data-rbd-draggable-context-id="0"
            data-rbd-draggable-id="snippet2"
            draggable="false"
            role="button"
            tabindex="0"
          >
            two and
          </div>
        </div>
      </div>
    </div>
  </div>,
  "debug": [Function],
  "findAllByAltText": [Function],
  "findAllByDisplayValue": [Function],
  "findAllByLabelText": [Function],
  "findAllByPlaceholderText": [Function],
  "findAllByRole": [Function],
  "findAllByTestId": [Function],
  "findAllByText": [Function],
  "findAllByTitle": [Function],
  "findByAltText": [Function],
  "findByDisplayValue": [Function],
  "findByLabelText": [Function],
  "findByPlaceholderText": [Function],
  "findByRole": [Function],
  "findByTestId": [Function],
  "findByText": [Function],
  "findByTitle": [Function],
  "getAllByAltText": [Function],
  "getAllByDisplayValue": [Function],
  "getAllByLabelText": [Function],
  "getAllByPlaceholderText": [Function],
  "getAllByRole": [Function],
  "getAllByTestId": [Function],
  "getAllByText": [Function],
  "getAllByTitle": [Function],
  "getByAltText": [Function],
  "getByDisplayValue": [Function],
  "getByLabelText": [Function],
  "getByPlaceholderText": [Function],
  "getByRole": [Function],
  "getByTestId": [Function],
  "getByText": [Function],
  "getByTitle": [Function],
  "queryAllByAltText": [Function],
  "queryAllByDisplayValue": [Function],
  "queryAllByLabelText": [Function],
  "queryAllByPlaceholderText": [Function],
  "queryAllByRole": [Function],
  "queryAllByTestId": [Function],
  "queryAllByText": [Function],
  "queryAllByTitle": [Function],
  "queryByAltText": [Function],
  "queryByDisplayValue": [Function],
  "queryByLabelText": [Function],
  "queryByPlaceholderText": [Function],
  "queryByRole": [Function],
  "queryByTestId": [Function],
  "queryByText": [Function],
  "queryByTitle": [Function],
  "rerender": [Function],
  "unmount": [Function],
}
`;
