// Jest Snapshot v1, https://goo.gl/fbAQLP

exports[`App renders without crashing 1`] = `
Object {
  "asFragment": [Function],
  "baseElement": <body>
    <div>
      <div
        class="app-container"
      >
        <div
          class="header"
        >
          <h1
            data-testid="header"
          >
            Cut-up Creator
          </h1>
        </div>
        <p
          data-testid="para-1"
        >
          <b>
            Cut Up Creator is a tool for making collage poems in the style of William S. Burroughs.
          </b>
        </p>
        <p
          data-testid="para-2"
        >
          To begin, just copy text from three different sources (the more different the better) and paste them in the boxes below. Then hit the cut-up button to shred the text.
        </p>
        <div
          class="cutting-container"
        >
          <div
            class="text-area-container"
          >
            <textarea
              class="cutting-text-area 1"
              cols="10"
              data-testid="cutting-text-area1"
              placeholder="Paste your text sources here"
              rows="4"
            />
            <textarea
              class="cutting-text-area 2"
              cols="10"
              data-testid="cutting-text-area2"
              placeholder="Paste your text sources here"
              rows="4"
            />
            <textarea
              class="cutting-text-area 3"
              cols="10"
              data-testid="cutting-text-area3"
              placeholder="Paste your text sources here"
              rows="4"
            />
          </div>
          <button
            class="btn primary-btn cut-btn"
            data-testid="cut-btn"
          >
            Cut up
          </button>
        </div>
        <p
          data-testid="para-3"
        >
          Drag and drop the snippets into the blank lines provided, creating whatever weird combinations you like. When you're happy with what you've made, hit the textify button. Your poem will appear as text below.
        </p>
        <div
          class="crafting-background"
        >
          <div
            class="crafting-container"
          >
            <div
              class="pasteboard-container"
            >
              <div>
                <div
                  class="unused-snippets"
                  data-rbd-droppable-context-id="0"
                  data-rbd-droppable-id="chunk-container-1"
                  data-testid="pasteboard"
                />
              </div>
            </div>
            <div
              class="wip-container"
            >
              <div
                class="lines-container"
              >
                <div>
                  <div
                    class="line"
                    data-rbd-droppable-context-id="0"
                    data-rbd-droppable-id="chunk-container-2"
                    data-testid="line-1"
                  />
                </div>
              </div>
              <div>
                <button
                  class="btn secondary-btn add-line-btn"
                  data-testid="add-line-btn"
                >
                  <svg
                    fill="currentColor"
                    height="1em"
                    stroke="currentColor"
                    stroke-width="0"
                    viewBox="0 0 448 512"
                    width="1em"
                    xmlns="http://www.w3.org/2000/svg"
                  >
                    <path
                      d="M416 208H272V64c0-17.67-14.33-32-32-32h-32c-17.67 0-32 14.33-32 32v144H32c-17.67 0-32 14.33-32 32v32c0 17.67 14.33 32 32 32h144v144c0 17.67 14.33 32 32 32h32c17.67 0 32-14.33 32-32V304h144c17.67 0 32-14.33 32-32v-32c0-17.67-14.33-32-32-32z"
                    />
                  </svg>
                </button>
              </div>
              <div>
                <button
                  class="btn secondary-btn remove-line-btn"
                  data-testid="remove-line-btn"
                >
                  <svg
                    fill="currentColor"
                    height="1em"
                    stroke="currentColor"
                    stroke-width="0"
                    viewBox="0 0 448 512"
                    width="1em"
                    xmlns="http://www.w3.org/2000/svg"
                  >
                    <path
                      d="M416 208H32c-17.67 0-32 14.33-32 32v32c0 17.67 14.33 32 32 32h384c17.67 0 32-14.33 32-32v-32c0-17.67-14.33-32-32-32z"
                    />
                  </svg>
                </button>
              </div>
            </div>
          </div>
          <div
            class="textify-button-container"
            data-testid="textify-button-container"
          >
            <button
              class="btn primary-btn textify-btn"
              data-testid="textify-btn"
            >
              Textify
            </button>
          </div>
        </div>
      </div>
    </div>
    <div
      aria-atomic="true"
      aria-live="assertive"
      id="rbd-announcement-0"
      style="position: absolute; width: 1px; height: 1px; margin: -1px; border: 0px; padding: 0px; overflow: hidden; clip-path: inset(100%);"
    />
    <div
      id="rbd-hidden-text-0-hidden-text-0"
      style="display: none;"
    >
      
  Press space bar to start a drag.
  When dragging you can use the arrow keys to move the item around and escape to cancel.
  Some screen readers may require you to be in focus mode or to use your pass through key

    </div>
  </body>,
  "container": <div>
    <div
      class="app-container"
    >
      <div
        class="header"
      >
        <h1
          data-testid="header"
        >
          Cut-up Creator
        </h1>
      </div>
      <p
        data-testid="para-1"
      >
        <b>
          Cut Up Creator is a tool for making collage poems in the style of William S. Burroughs.
        </b>
      </p>
      <p
        data-testid="para-2"
      >
        To begin, just copy text from three different sources (the more different the better) and paste them in the boxes below. Then hit the cut-up button to shred the text.
      </p>
      <div
        class="cutting-container"
      >
        <div
          class="text-area-container"
        >
          <textarea
            class="cutting-text-area 1"
            cols="10"
            data-testid="cutting-text-area1"
            placeholder="Paste your text sources here"
            rows="4"
          />
          <textarea
            class="cutting-text-area 2"
            cols="10"
            data-testid="cutting-text-area2"
            placeholder="Paste your text sources here"
            rows="4"
          />
          <textarea
            class="cutting-text-area 3"
            cols="10"
            data-testid="cutting-text-area3"
            placeholder="Paste your text sources here"
            rows="4"
          />
        </div>
        <button
          class="btn primary-btn cut-btn"
          data-testid="cut-btn"
        >
          Cut up
        </button>
      </div>
      <p
        data-testid="para-3"
      >
        Drag and drop the snippets into the blank lines provided, creating whatever weird combinations you like. When you're happy with what you've made, hit the textify button. Your poem will appear as text below.
      </p>
      <div
        class="crafting-background"
      >
        <div
          class="crafting-container"
        >
          <div
            class="pasteboard-container"
          >
            <div>
              <div
                class="unused-snippets"
                data-rbd-droppable-context-id="0"
                data-rbd-droppable-id="chunk-container-1"
                data-testid="pasteboard"
              />
            </div>
          </div>
          <div
            class="wip-container"
          >
            <div
              class="lines-container"
            >
              <div>
                <div
                  class="line"
                  data-rbd-droppable-context-id="0"
                  data-rbd-droppable-id="chunk-container-2"
                  data-testid="line-1"
                />
              </div>
            </div>
            <div>
              <button
                class="btn secondary-btn add-line-btn"
                data-testid="add-line-btn"
              >
                <svg
                  fill="currentColor"
                  height="1em"
                  stroke="currentColor"
                  stroke-width="0"
                  viewBox="0 0 448 512"
                  width="1em"
                  xmlns="http://www.w3.org/2000/svg"
                >
                  <path
                    d="M416 208H272V64c0-17.67-14.33-32-32-32h-32c-17.67 0-32 14.33-32 32v144H32c-17.67 0-32 14.33-32 32v32c0 17.67 14.33 32 32 32h144v144c0 17.67 14.33 32 32 32h32c17.67 0 32-14.33 32-32V304h144c17.67 0 32-14.33 32-32v-32c0-17.67-14.33-32-32-32z"
                  />
                </svg>
              </button>
            </div>
            <div>
              <button
                class="btn secondary-btn remove-line-btn"
                data-testid="remove-line-btn"
              >
                <svg
                  fill="currentColor"
                  height="1em"
                  stroke="currentColor"
                  stroke-width="0"
                  viewBox="0 0 448 512"
                  width="1em"
                  xmlns="http://www.w3.org/2000/svg"
                >
                  <path
                    d="M416 208H32c-17.67 0-32 14.33-32 32v32c0 17.67 14.33 32 32 32h384c17.67 0 32-14.33 32-32v-32c0-17.67-14.33-32-32-32z"
                  />
                </svg>
              </button>
            </div>
          </div>
        </div>
        <div
          class="textify-button-container"
          data-testid="textify-button-container"
        >
          <button
            class="btn primary-btn textify-btn"
            data-testid="textify-btn"
          >
            Textify
          </button>
        </div>
      </div>
    </div>
  </div>,
  "debug": [Function],
  "findAllByAltText": [Function],
  "findAllByDisplayValue": [Function],
  "findAllByLabelText": [Function],
  "findAllByPlaceholderText": [Function],
  "findAllByRole": [Function],
  "findAllByTestId": [Function],
  "findAllByText": [Function],
  "findAllByTitle": [Function],
  "findByAltText": [Function],
  "findByDisplayValue": [Function],
  "findByLabelText": [Function],
  "findByPlaceholderText": [Function],
  "findByRole": [Function],
  "findByTestId": [Function],
  "findByText": [Function],
  "findByTitle": [Function],
  "getAllByAltText": [Function],
  "getAllByDisplayValue": [Function],
  "getAllByLabelText": [Function],
  "getAllByPlaceholderText": [Function],
  "getAllByRole": [Function],
  "getAllByTestId": [Function],
  "getAllByText": [Function],
  "getAllByTitle": [Function],
  "getByAltText": [Function],
  "getByDisplayValue": [Function],
  "getByLabelText": [Function],
  "getByPlaceholderText": [Function],
  "getByRole": [Function],
  "getByTestId": [Function],
  "getByText": [Function],
  "getByTitle": [Function],
  "queryAllByAltText": [Function],
  "queryAllByDisplayValue": [Function],
  "queryAllByLabelText": [Function],
  "queryAllByPlaceholderText": [Function],
  "queryAllByRole": [Function],
  "queryAllByTestId": [Function],
  "queryAllByText": [Function],
  "queryAllByTitle": [Function],
  "queryByAltText": [Function],
  "queryByDisplayValue": [Function],
  "queryByLabelText": [Function],
  "queryByPlaceholderText": [Function],
  "queryByRole": [Function],
  "queryByTestId": [Function],
  "queryByText": [Function],
  "queryByTitle": [Function],
  "rerender": [Function],
  "unmount": [Function],
}
`;
