// Jest Snapshot v1, https://goo.gl/fbAQLP

exports[`WorkInProgress It displays the correct number of text snippets 1`] = `
Object {
  "asFragment": [Function],
  "baseElement": <body>
    <div>
      <div
        class="wip-container"
      >
        <div
          class="lines-container"
        >
          <div>
            <div
              class="line"
              data-testid="pasteboard"
            >
              <div>
                <button
                  aria-describedby="DndDescribedBy-0"
                  aria-roledescription="sortable"
                  class="text-snippet"
                  role="button"
                  tabindex="0"
                  text="one"
                >
                  one
                </button>
              </div>
              <div>
                <button
                  aria-describedby="DndDescribedBy-0"
                  aria-roledescription="sortable"
                  class="text-snippet"
                  role="button"
                  tabindex="0"
                  text="two"
                >
                  two
                </button>
              </div>
            </div>
          </div>
          <div>
            <div
              class="line"
              data-testid="Line-1"
            >
              <div>
                <button
                  aria-describedby="DndDescribedBy-0"
                  aria-roledescription="sortable"
                  class="text-snippet"
                  role="button"
                  tabindex="0"
                  text="one"
                >
                  one
                </button>
              </div>
              <div>
                <button
                  aria-describedby="DndDescribedBy-0"
                  aria-roledescription="sortable"
                  class="text-snippet"
                  role="button"
                  tabindex="0"
                  text="two"
                >
                  two
                </button>
              </div>
            </div>
          </div>
        </div>
        <div>
          <button
            class="btn add-line-btn"
            data-testid="add-line-btn"
          >
            +
          </button>
        </div>
        <div>
          <button
            class="btn add-line-btn"
            data-testid="add-line-btn"
          >
            -
          </button>
        </div>
      </div>
    </div>
    <div
      id="DndDescribedBy-0"
      style="display: none;"
    >
      
    To pick up a draggable item, press the space bar.
    While dragging, use the arrow keys to move the item.
    Press space again to drop the item in its new position, or press escape to cancel.
  
    </div>
    <div
      aria-atomic="true"
      aria-live="assertive"
      id="DndLiveRegion-0"
      role="status"
      style="position: absolute; width: 1px; height: 1px; margin: -1px; border: 0px; padding: 0px; overflow: hidden; clip-path: inset(100%); white-space: nowrap;"
    />
  </body>,
  "container": <div>
    <div
      class="wip-container"
    >
      <div
        class="lines-container"
      >
        <div>
          <div
            class="line"
            data-testid="pasteboard"
          >
            <div>
              <button
                aria-describedby="DndDescribedBy-0"
                aria-roledescription="sortable"
                class="text-snippet"
                role="button"
                tabindex="0"
                text="one"
              >
                one
              </button>
            </div>
            <div>
              <button
                aria-describedby="DndDescribedBy-0"
                aria-roledescription="sortable"
                class="text-snippet"
                role="button"
                tabindex="0"
                text="two"
              >
                two
              </button>
            </div>
          </div>
        </div>
        <div>
          <div
            class="line"
            data-testid="Line-1"
          >
            <div>
              <button
                aria-describedby="DndDescribedBy-0"
                aria-roledescription="sortable"
                class="text-snippet"
                role="button"
                tabindex="0"
                text="one"
              >
                one
              </button>
            </div>
            <div>
              <button
                aria-describedby="DndDescribedBy-0"
                aria-roledescription="sortable"
                class="text-snippet"
                role="button"
                tabindex="0"
                text="two"
              >
                two
              </button>
            </div>
          </div>
        </div>
      </div>
      <div>
        <button
          class="btn add-line-btn"
          data-testid="add-line-btn"
        >
          +
        </button>
      </div>
      <div>
        <button
          class="btn add-line-btn"
          data-testid="add-line-btn"
        >
          -
        </button>
      </div>
    </div>
  </div>,
  "debug": [Function],
  "findAllByAltText": [Function],
  "findAllByDisplayValue": [Function],
  "findAllByLabelText": [Function],
  "findAllByPlaceholderText": [Function],
  "findAllByRole": [Function],
  "findAllByTestId": [Function],
  "findAllByText": [Function],
  "findAllByTitle": [Function],
  "findByAltText": [Function],
  "findByDisplayValue": [Function],
  "findByLabelText": [Function],
  "findByPlaceholderText": [Function],
  "findByRole": [Function],
  "findByTestId": [Function],
  "findByText": [Function],
  "findByTitle": [Function],
  "getAllByAltText": [Function],
  "getAllByDisplayValue": [Function],
  "getAllByLabelText": [Function],
  "getAllByPlaceholderText": [Function],
  "getAllByRole": [Function],
  "getAllByTestId": [Function],
  "getAllByText": [Function],
  "getAllByTitle": [Function],
  "getByAltText": [Function],
  "getByDisplayValue": [Function],
  "getByLabelText": [Function],
  "getByPlaceholderText": [Function],
  "getByRole": [Function],
  "getByTestId": [Function],
  "getByText": [Function],
  "getByTitle": [Function],
  "queryAllByAltText": [Function],
  "queryAllByDisplayValue": [Function],
  "queryAllByLabelText": [Function],
  "queryAllByPlaceholderText": [Function],
  "queryAllByRole": [Function],
  "queryAllByTestId": [Function],
  "queryAllByText": [Function],
  "queryAllByTitle": [Function],
  "queryByAltText": [Function],
  "queryByDisplayValue": [Function],
  "queryByLabelText": [Function],
  "queryByPlaceholderText": [Function],
  "queryByRole": [Function],
  "queryByTestId": [Function],
  "queryByText": [Function],
  "queryByTitle": [Function],
  "rerender": [Function],
  "unmount": [Function],
}
`;
